steps:
- label: A
- depends_on:
  - A
  label: B
  skip: skipped due to lack of changes
- depends_on:
  - A
  label: C
  skip: skipped due to lack of changes
- depends_on:
  - B
  label: D
  skip: skipped due to lack of changes
- depends_on:
  - C
  label: E
  skip: skipped due to lack of changes
- depends_on:
  - D
  label: F
  skip: skipped due to lack of changes
- depends_on:
  - E
  - D
  label: G
  skip: skipped due to lack of changes
- depends_on:
  - E
  label: H
  skip: skipped due to lack of changes
- depends_on:
  - A
  label: X
